Analysis & Synthesis report for integrador
Wed Aug  5 17:43:26 2026
Quartus II 64-Bit Version 13.1.0 Build 162 10/23/2013 SJ Web Edition


---------------------
; Table of Contents ;
---------------------
  1. Legal Notice
  2. Analysis & Synthesis Summary
  3. Analysis & Synthesis Settings
  4. Parallel Compilation
  5. Analysis & Synthesis Source Files Read
  6. Analysis & Synthesis Resource Usage Summary
  7. Analysis & Synthesis Resource Utilization by Entity
  8. General Register Statistics
  9. Multiplexer Restructuring Statistics (Restructuring Performed)
 10. Parameter Settings for User Entity Instance: BUSMUX:inst9
 11. Elapsed Time Per Partition
 12. Analysis & Synthesis Messages



----------------
; Legal Notice ;
----------------
Copyright (C) 1991-2013 Altera Corporation
Your use of Altera Corporation's design tools, logic functions 
and other software and tools, and its AMPP partner logic 
functions, and any output files from any of the foregoing 
(including device programming or simulation files), and any 
associated documentation or information are expressly subject 
to the terms and conditions of the Altera Program License 
Subscription Agreement, Altera MegaCore Function License 
Agreement, or other applicable license agreement, including, 
without limitation, that your use is for the sole purpose of 
programming logic devices manufactured by Altera and sold by 
Altera or its authorized distributors.  Please refer to the 
applicable agreement for further details.



+---------------------------------------------------------------------------------+
; Analysis & Synthesis Summary                                                    ;
+------------------------------------+--------------------------------------------+
; Analysis & Synthesis Status        ; Successful - Wed Aug  5 17:43:26 2026      ;
; Quartus II 64-Bit Version          ; 13.1.0 Build 162 10/23/2013 SJ Web Edition ;
; Revision Name                      ; integrador                                 ;
; Top-level Entity Name              ; integrador                                 ;
; Family                             ; Cyclone IV GX                              ;
; Total logic elements               ; 40                                         ;
;     Total combinational functions  ; 36                                         ;
;     Dedicated logic registers      ; 12                                         ;
; Total registers                    ; 12                                         ;
; Total pins                         ; 23                                         ;
; Total virtual pins                 ; 0                                          ;
; Total memory bits                  ; 0                                          ;
; Embedded Multiplier 9-bit elements ; 0                                          ;
; Total GXB Receiver Channel PCS     ; 0                                          ;
; Total GXB Receiver Channel PMA     ; 0                                          ;
; Total GXB Transmitter Channel PCS  ; 0                                          ;
; Total GXB Transmitter Channel PMA  ; 0                                          ;
; Total PLLs                         ; 0                                          ;
+------------------------------------+--------------------------------------------+


+----------------------------------------------------------------------------------------------------------------------+
; Analysis & Synthesis Settings                                                                                        ;
+----------------------------------------------------------------------------+--------------------+--------------------+
; Option                                                                     ; Setting            ; Default Value      ;
+----------------------------------------------------------------------------+--------------------+--------------------+
; Top-level entity name                                                      ; integrador         ; integrador         ;
; Family name                                                                ; Cyclone IV GX      ; Cyclone IV GX      ;
; Use smart compilation                                                      ; Off                ; Off                ;
; Enable parallel Assembler and TimeQuest Timing Analyzer during compilation ; On                 ; On                 ;
; Enable compact report table                                                ; Off                ; Off                ;
; Restructure Multiplexers                                                   ; Auto               ; Auto               ;
; Create Debugging Nodes for IP Cores                                        ; Off                ; Off                ;
; Preserve fewer node names                                                  ; On                 ; On                 ;
; Disable OpenCore Plus hardware evaluation                                  ; Off                ; Off                ;
; Verilog Version                                                            ; Verilog_2001       ; Verilog_2001       ;
; VHDL Version                                                               ; VHDL_1993          ; VHDL_1993          ;
; State Machine Processing                                                   ; Auto               ; Auto               ;
; Safe State Machine                                                         ; Off                ; Off                ;
; Extract Verilog State Machines                                             ; On                 ; On                 ;
; Extract VHDL State Machines                                                ; On                 ; On                 ;
; Ignore Verilog initial constructs                                          ; Off                ; Off                ;
; Iteration limit for constant Verilog loops                                 ; 5000               ; 5000               ;
; Iteration limit for non-constant Verilog loops                             ; 250                ; 250                ;
; Add Pass-Through Logic to Inferred RAMs                                    ; On                 ; On                 ;
; Infer RAMs from Raw Logic                                                  ; On                 ; On                 ;
; Parallel Synthesis                                                         ; On                 ; On                 ;
; DSP Block Balancing                                                        ; Auto               ; Auto               ;
; NOT Gate Push-Back                                                         ; On                 ; On                 ;
; Power-Up Don't Care                                                        ; On                 ; On                 ;
; Remove Redundant Logic Cells                                               ; Off                ; Off                ;
; Remove Duplicate Registers                                                 ; On                 ; On                 ;
; Ignore CARRY Buffers                                                       ; Off                ; Off                ;
; Ignore CASCADE Buffers                                                     ; Off                ; Off                ;
; Ignore GLOBAL Buffers                                                      ; Off                ; Off                ;
; Ignore ROW GLOBAL Buffers                                                  ; Off                ; Off                ;
; Ignore LCELL Buffers                                                       ; Off                ; Off                ;
; Ignore SOFT Buffers                                                        ; On                 ; On                 ;
; Limit AHDL Integers to 32 Bits                                             ; Off                ; Off                ;
; Optimization Technique                                                     ; Balanced           ; Balanced           ;
; Carry Chain Length                                                         ; 70                 ; 70                 ;
; Auto Carry Chains                                                          ; On                 ; On                 ;
; Auto Open-Drain Pins                                                       ; On                 ; On                 ;
; Perform WYSIWYG Primitive Resynthesis                                      ; Off                ; Off                ;
; Auto ROM Replacement                                                       ; On                 ; On                 ;
; Auto RAM Replacement                                                       ; On                 ; On                 ;
; Auto DSP Block Replacement                                                 ; On                 ; On                 ;
; Auto Shift Register Replacement                                            ; Auto               ; Auto               ;
; Allow Shift Register Merging across Hierarchies                            ; Auto               ; Auto               ;
; Auto Clock Enable Replacement                                              ; On                 ; On                 ;
; Strict RAM Replacement                                                     ; Off                ; Off                ;
; Allow Synchronous Control Signals                                          ; On                 ; On                 ;
; Force Use of Synchronous Clear Signals                                     ; Off                ; Off                ;
; Auto RAM Block Balancing                                                   ; On                 ; On                 ;
; Auto RAM to Logic Cell Conversion                                          ; Off                ; Off                ;
; Auto Resource Sharing                                                      ; Off                ; Off                ;
; Allow Any RAM Size For Recognition                                         ; Off                ; Off                ;
; Allow Any ROM Size For Recognition                                         ; Off                ; Off                ;
; Allow Any Shift Register Size For Recognition                              ; Off                ; Off                ;
; Use LogicLock Constraints during Resource Balancing                        ; On                 ; On                 ;
; Ignore translate_off and synthesis_off directives                          ; Off                ; Off                ;
; Timing-Driven Synthesis                                                    ; On                 ; On                 ;
; Report Parameter Settings                                                  ; On                 ; On                 ;
; Report Source Assignments                                                  ; On                 ; On                 ;
; Report Connectivity Checks                                                 ; On                 ; On                 ;
; Ignore Maximum Fan-Out Assignments                                         ; Off                ; Off                ;
; Synchronization Register Chain Length                                      ; 2                  ; 2                  ;
; PowerPlay Power Optimization                                               ; Normal compilation ; Normal compilation ;
; HDL message level                                                          ; Level2             ; Level2             ;
; Suppress Register Optimization Related Messages                            ; Off                ; Off                ;
; Number of Removed Registers Reported in Synthesis Report                   ; 5000               ; 5000               ;
; Number of Swept Nodes Reported in Synthesis Report                         ; 5000               ; 5000               ;
; Number of Inverted Registers Reported in Synthesis Report                  ; 100                ; 100                ;
; Clock MUX Protection                                                       ; On                 ; On                 ;
; Auto Gated Clock Conversion                                                ; Off                ; Off                ;
; Block Design Naming                                                        ; Auto               ; Auto               ;
; SDC constraint protection                                                  ; Off                ; Off                ;
; Synthesis Effort                                                           ; Auto               ; Auto               ;
; Shift Register Replacement - Allow Asynchronous Clear Signal               ; On                 ; On                 ;
; Pre-Mapping Resynthesis Optimization                                       ; Off                ; Off                ;
; Analysis & Synthesis Message Level                                         ; Medium             ; Medium             ;
; Disable Register Merging Across Hierarchies                                ; Auto               ; Auto               ;
; Resource Aware Inference For Block RAM                                     ; On                 ; On                 ;
; Synthesis Seed                                                             ; 1                  ; 1                  ;
+----------------------------------------------------------------------------+--------------------+--------------------+


Parallel compilation was disabled, but you have multiple processors available. Enable parallel compilation to reduce compilation time.
+-------------------------------------+
; Parallel Compilation                ;
+----------------------------+--------+
; Processors                 ; Number ;
+----------------------------+--------+
; Number detected on machine ; 8      ;
; Maximum allowed            ; 1      ;
+----------------------------+--------+


+-----------------------------------------------------------------------------------------------------------------------------------------------------------------------------------------+
; Analysis & Synthesis Source Files Read                                                                                                                                                  ;
+----------------------------------+-----------------+------------------------------------------+-------------------------------------------------------------------------------+---------+
; File Name with User-Entered Path ; Used in Netlist ; File Type                                ; File Name with Absolute Path                                                  ; Library ;
+----------------------------------+-----------------+------------------------------------------+-------------------------------------------------------------------------------+---------+
; integrador.bdf                   ; yes             ; User Block Diagram/Schematic File        ; /home/fzsantiago03/Desktop/IDL-TP-Integrador-main/integrador.bdf              ;         ;
; bitRegistro.bdf                  ; yes             ; User Block Diagram/Schematic File        ; /home/fzsantiago03/Desktop/IDL-TP-Integrador-main/bitRegistro.bdf             ;         ;
; Registro4Bits.bdf                ; yes             ; User Block Diagram/Schematic File        ; /home/fzsantiago03/Desktop/IDL-TP-Integrador-main/Registro4Bits.bdf           ;         ;
; And4bits.bdf                     ; yes             ; User Block Diagram/Schematic File        ; /home/fzsantiago03/Desktop/IDL-TP-Integrador-main/And4bits.bdf                ;         ;
; decodificador2_4.bdf             ; yes             ; User Block Diagram/Schematic File        ; /home/fzsantiago03/Desktop/IDL-TP-Integrador-main/decodificador2_4.bdf        ;         ;
; decodificador3_8.bdf             ; yes             ; User Block Diagram/Schematic File        ; /home/fzsantiago03/Desktop/IDL-TP-Integrador-main/decodificador3_8.bdf        ;         ;
; inst_decoder.bdf                 ; yes             ; User Block Diagram/Schematic File        ; /home/fzsantiago03/Desktop/IDL-TP-Integrador-main/inst_decoder.bdf            ;         ;
; Check_NZ.bdf                     ; yes             ; User Block Diagram/Schematic File        ; /home/fzsantiago03/Desktop/IDL-TP-Integrador-main/Check_NZ.bdf                ;         ;
; RegistroFlags.bdf                ; yes             ; User Block Diagram/Schematic File        ; /home/fzsantiago03/Desktop/IDL-TP-Integrador-main/RegistroFlags.bdf           ;         ;
; SumaResta.bdf                    ; yes             ; Auto-Found Block Diagram/Schematic File  ; /home/fzsantiago03/Desktop/IDL-TP-Integrador-main/SumaResta.bdf               ;         ;
; FullAdder1Bit.bdf                ; yes             ; Auto-Found Block Diagram/Schematic File  ; /home/fzsantiago03/Desktop/IDL-TP-Integrador-main/FullAdder1Bit.bdf           ;         ;
; xor3.bdf                         ; yes             ; Megafunction                             ; /home/fzsantiago03/altera/13.1/quartus/libraries/others/maxplus2/xor3.bdf     ;         ;
; busmux.tdf                       ; yes             ; Megafunction                             ; /home/fzsantiago03/altera/13.1/quartus/libraries/megafunctions/busmux.tdf     ;         ;
; lpm_mux.inc                      ; yes             ; Megafunction                             ; /home/fzsantiago03/altera/13.1/quartus/libraries/megafunctions/lpm_mux.inc    ;         ;
; lpm_mux.tdf                      ; yes             ; Megafunction                             ; /home/fzsantiago03/altera/13.1/quartus/libraries/megafunctions/lpm_mux.tdf    ;         ;
; aglobal131.inc                   ; yes             ; Megafunction                             ; /home/fzsantiago03/altera/13.1/quartus/libraries/megafunctions/aglobal131.inc ;         ;
; muxlut.inc                       ; yes             ; Megafunction                             ; /home/fzsantiago03/altera/13.1/quartus/libraries/megafunctions/muxlut.inc     ;         ;
; bypassff.inc                     ; yes             ; Megafunction                             ; /home/fzsantiago03/altera/13.1/quartus/libraries/megafunctions/bypassff.inc   ;         ;
; altshift.inc                     ; yes             ; Megafunction                             ; /home/fzsantiago03/altera/13.1/quartus/libraries/megafunctions/altshift.inc   ;         ;
; db/mux_4vc.tdf                   ; yes             ; Auto-Generated Megafunction              ; /home/fzsantiago03/Desktop/IDL-TP-Integrador-main/db/mux_4vc.tdf              ;         ;
; Or4bits.bdf                      ; yes             ; Auto-Found Block Diagram/Schematic File  ; /home/fzsantiago03/Desktop/IDL-TP-Integrador-main/Or4bits.bdf                 ;         ;
; Not4Bits.bdf                     ; yes             ; Auto-Found Block Diagram/Schematic File  ; /home/fzsantiago03/Desktop/IDL-TP-Integrador-main/Not4Bits.bdf                ;         ;
; Asr4bits.bdf                     ; yes             ; Auto-Found Block Diagram/Schematic File  ; /home/fzsantiago03/Desktop/IDL-TP-Integrador-main/Asr4bits.bdf                ;         ;
+----------------------------------+-----------------+------------------------------------------+-------------------------------------------------------------------------------+---------+


+---------------------------------------------+
; Analysis & Synthesis Resource Usage Summary ;
+--------------------------+------------------+
; Resource                 ; Usage            ;
+--------------------------+------------------+
; I/O pins                 ; 23               ;
; DSP block 9-bit elements ; 0                ;
; Maximum fan-out node     ; OPCODE[1]~input  ;
; Maximum fan-out          ; 12               ;
; Total fan-out            ; 197              ;
; Average fan-out          ; 2.10             ;
+--------------------------+------------------+


+-----------------------------------------------------------------------------------------------------------------------------------------------------------------------------------------------------------------------------------------------------+
; Analysis & Synthesis Resource Utilization by Entity                                                                                                                                                                                                 ;
+----------------------------------+-------------------+--------------+-------------+--------------+---------+-----------+-----------+------+--------------+---------------------------------------------------------------------------+--------------+
; Compilation Hierarchy Node       ; LC Combinationals ; LC Registers ; Memory Bits ; DSP Elements ; DSP 9x9 ; DSP 18x18 ; DSP 36x36 ; Pins ; Virtual Pins ; Full Hierarchy Name                                                       ; Library Name ;
+----------------------------------+-------------------+--------------+-------------+--------------+---------+-----------+-----------+------+--------------+---------------------------------------------------------------------------+--------------+
; |integrador                      ; 36 (22)           ; 12 (0)       ; 0           ; 0            ; 0       ; 0         ; 0         ; 23   ; 0            ; |integrador                                                               ; work         ;
;    |Check_NZ:NZ|                 ; 1 (1)             ; 0 (0)        ; 0           ; 0            ; 0       ; 0         ; 0         ; 0    ; 0            ; |integrador|Check_NZ:NZ                                                   ; work         ;
;    |Registro4Bits:REGA|          ; 4 (0)             ; 4 (0)        ; 0           ; 0            ; 0       ; 0         ; 0         ; 0    ; 0            ; |integrador|Registro4Bits:REGA                                            ; work         ;
;       |bitRegistro:inst1|        ; 1 (1)             ; 1 (1)        ; 0           ; 0            ; 0       ; 0         ; 0         ; 0    ; 0            ; |integrador|Registro4Bits:REGA|bitRegistro:inst1                          ; work         ;
;       |bitRegistro:inst2|        ; 1 (1)             ; 1 (1)        ; 0           ; 0            ; 0       ; 0         ; 0         ; 0    ; 0            ; |integrador|Registro4Bits:REGA|bitRegistro:inst2                          ; work         ;
;       |bitRegistro:inst3|        ; 1 (1)             ; 1 (1)        ; 0           ; 0            ; 0       ; 0         ; 0         ; 0    ; 0            ; |integrador|Registro4Bits:REGA|bitRegistro:inst3                          ; work         ;
;       |bitRegistro:inst4|        ; 1 (1)             ; 1 (1)        ; 0           ; 0            ; 0       ; 0         ; 0         ; 0    ; 0            ; |integrador|Registro4Bits:REGA|bitRegistro:inst4                          ; work         ;
;    |Registro4Bits:REGB|          ; 0 (0)             ; 4 (0)        ; 0           ; 0            ; 0       ; 0         ; 0         ; 0    ; 0            ; |integrador|Registro4Bits:REGB                                            ; work         ;
;       |bitRegistro:inst1|        ; 0 (0)             ; 1 (1)        ; 0           ; 0            ; 0       ; 0         ; 0         ; 0    ; 0            ; |integrador|Registro4Bits:REGB|bitRegistro:inst1                          ; work         ;
;       |bitRegistro:inst2|        ; 0 (0)             ; 1 (1)        ; 0           ; 0            ; 0       ; 0         ; 0         ; 0    ; 0            ; |integrador|Registro4Bits:REGB|bitRegistro:inst2                          ; work         ;
;       |bitRegistro:inst3|        ; 0 (0)             ; 1 (1)        ; 0           ; 0            ; 0       ; 0         ; 0         ; 0    ; 0            ; |integrador|Registro4Bits:REGB|bitRegistro:inst3                          ; work         ;
;       |bitRegistro:inst4|        ; 0 (0)             ; 1 (1)        ; 0           ; 0            ; 0       ; 0         ; 0         ; 0    ; 0            ; |integrador|Registro4Bits:REGB|bitRegistro:inst4                          ; work         ;
;    |RegistroFlags:inst1|         ; 0 (0)             ; 4 (0)        ; 0           ; 0            ; 0       ; 0         ; 0         ; 0    ; 0            ; |integrador|RegistroFlags:inst1                                           ; work         ;
;       |bitRegistro:inst1|        ; 0 (0)             ; 1 (1)        ; 0           ; 0            ; 0       ; 0         ; 0         ; 0    ; 0            ; |integrador|RegistroFlags:inst1|bitRegistro:inst1                         ; work         ;
;       |bitRegistro:inst2|        ; 0 (0)             ; 1 (1)        ; 0           ; 0            ; 0       ; 0         ; 0         ; 0    ; 0            ; |integrador|RegistroFlags:inst1|bitRegistro:inst2                         ; work         ;
;       |bitRegistro:inst3|        ; 0 (0)             ; 1 (1)        ; 0           ; 0            ; 0       ; 0         ; 0         ; 0    ; 0            ; |integrador|RegistroFlags:inst1|bitRegistro:inst3                         ; work         ;
;       |bitRegistro:inst4|        ; 0 (0)             ; 1 (1)        ; 0           ; 0            ; 0       ; 0         ; 0         ; 0    ; 0            ; |integrador|RegistroFlags:inst1|bitRegistro:inst4                         ; work         ;
;    |SumaResta:adder|             ; 8 (1)             ; 0 (0)        ; 0           ; 0            ; 0       ; 0         ; 0         ; 0    ; 0            ; |integrador|SumaResta:adder                                               ; work         ;
;       |FullAdder1Bit:inst2|      ; 2 (1)             ; 0 (0)        ; 0           ; 0            ; 0       ; 0         ; 0         ; 0    ; 0            ; |integrador|SumaResta:adder|FullAdder1Bit:inst2                           ; work         ;
;          |xor3:inst|             ; 1 (1)             ; 0 (0)        ; 0           ; 0            ; 0       ; 0         ; 0         ; 0    ; 0            ; |integrador|SumaResta:adder|FullAdder1Bit:inst2|xor3:inst                 ; work         ;
;       |FullAdder1Bit:inst3|      ; 2 (1)             ; 0 (0)        ; 0           ; 0            ; 0       ; 0         ; 0         ; 0    ; 0            ; |integrador|SumaResta:adder|FullAdder1Bit:inst3                           ; work         ;
;          |xor3:inst|             ; 1 (1)             ; 0 (0)        ; 0           ; 0            ; 0       ; 0         ; 0         ; 0    ; 0            ; |integrador|SumaResta:adder|FullAdder1Bit:inst3|xor3:inst                 ; work         ;
;       |FullAdder1Bit:inst4|      ; 2 (1)             ; 0 (0)        ; 0           ; 0            ; 0       ; 0         ; 0         ; 0    ; 0            ; |integrador|SumaResta:adder|FullAdder1Bit:inst4                           ; work         ;
;          |xor3:inst|             ; 1 (1)             ; 0 (0)        ; 0           ; 0            ; 0       ; 0         ; 0         ; 0    ; 0            ; |integrador|SumaResta:adder|FullAdder1Bit:inst4|xor3:inst                 ; work         ;
;       |FullAdder1Bit:inst|       ; 1 (1)             ; 0 (0)        ; 0           ; 0            ; 0       ; 0         ; 0         ; 0    ; 0            ; |integrador|SumaResta:adder|FullAdder1Bit:inst                            ; work         ;
;    |inst_decoder:inst|           ; 1 (0)             ; 0 (0)        ; 0           ; 0            ; 0       ; 0         ; 0         ; 0    ; 0            ; |integrador|inst_decoder:inst                                             ; work         ;
;       |decodificador3_8:inst|    ; 1 (0)             ; 0 (0)        ; 0           ; 0            ; 0       ; 0         ; 0         ; 0    ; 0            ; |integrador|inst_decoder:inst|decodificador3_8:inst                       ; work         ;
;          |decodificador2_4:inst| ; 1 (1)             ; 0 (0)        ; 0           ; 0            ; 0       ; 0         ; 0         ; 0    ; 0            ; |integrador|inst_decoder:inst|decodificador3_8:inst|decodificador2_4:inst ; work         ;
+----------------------------------+-------------------+--------------+-------------+--------------+---------+-----------+-----------+------+--------------+---------------------------------------------------------------------------+--------------+
Note: For table entries with two numbers listed, the numbers in parentheses indicate the number of resources of the given type used by the specific entity alone. The numbers listed outside of parentheses indicate the total resources of the given type used by the specific entity and all of its sub-entities in the hierarchy.


+------------------------------------------------------+
; General Register Statistics                          ;
+----------------------------------------------+-------+
; Statistic                                    ; Value ;
+----------------------------------------------+-------+
; Total registers                              ; 12    ;
; Number of registers using Synchronous Clear  ; 0     ;
; Number of registers using Synchronous Load   ; 0     ;
; Number of registers using Asynchronous Clear ; 0     ;
; Number of registers using Asynchronous Load  ; 0     ;
; Number of registers using Clock Enable       ; 12    ;
; Number of registers using Preset             ; 0     ;
+----------------------------------------------+-------+


+---------------------------------------------------------------------------------------------------------------------------------------------------------------------+
; Multiplexer Restructuring Statistics (Restructuring Performed)                                                                                                      ;
+--------------------+-----------+---------------+----------------------+------------------------+------------+-------------------------------------------------------+
; Multiplexer Inputs ; Bus Width ; Baseline Area ; Area if Restructured ; Saving if Restructured ; Registered ; Example Multiplexer Output                            ;
+--------------------+-----------+---------------+----------------------+------------------------+------------+-------------------------------------------------------+
; 3:1                ; 4 bits    ; 8 LEs         ; 4 LEs                ; 4 LEs                  ; Yes        ; |integrador|Registro4Bits:REGA|bitRegistro:inst4|inst ;
; 7:1                ; 4 bits    ; 16 LEs        ; 12 LEs               ; 4 LEs                  ; No         ; |integrador|gdfx_temp0[3]                             ;
+--------------------+-----------+---------------+----------------------+------------------------+------------+-------------------------------------------------------+


+-----------------------------------------------------------+
; Parameter Settings for User Entity Instance: BUSMUX:inst9 ;
+----------------+-------+----------------------------------+
; Parameter Name ; Value ; Type                             ;
+----------------+-------+----------------------------------+
; WIDTH          ; 4     ; Untyped                          ;
+----------------+-------+----------------------------------+
Note: In order to hide this table in the UI and the text report file, please set the "Show Parameter Settings in Synthesis Report" option in "Analysis and Synthesis Settings -> More Settings" to "Off".


+-------------------------------+
; Elapsed Time Per Partition    ;
+----------------+--------------+
; Partition Name ; Elapsed Time ;
+----------------+--------------+
; Top            ; 00:00:00     ;
+----------------+--------------+


+-------------------------------+
; Analysis & Synthesis Messages ;
+-------------------------------+
Info: *******************************************************************
Info: Running Quartus II 64-Bit Analysis & Synthesis
    Info: Version 13.1.0 Build 162 10/23/2013 SJ Web Edition
    Info: Processing started: Wed Aug  5 17:43:25 2026
Info: Command: quartus_map --read_settings_files=on --write_settings_files=off integrador -c integrador
Warning (20028): Parallel compilation is not licensed and has been disabled
Info (12021): Found 1 design units, including 1 entities, in source file integrador.bdf
    Info (12023): Found entity 1: integrador
Info (12021): Found 1 design units, including 1 entities, in source file bitRegistro.bdf
    Info (12023): Found entity 1: bitRegistro
Info (12021): Found 1 design units, including 1 entities, in source file Registro4Bits.bdf
    Info (12023): Found entity 1: Registro4Bits
Info (12021): Found 2 design units, including 1 entities, in source file lpm_mux0.vhd
    Info (12022): Found design unit 1: lpm_mux0-SYN
    Info (12023): Found entity 1: lpm_mux0
Info (12021): Found 1 design units, including 1 entities, in source file And4bits.bdf
    Info (12023): Found entity 1: And4bits
Info (12021): Found 1 design units, including 1 entities, in source file decodificador2_4.bdf
    Info (12023): Found entity 1: decodificador2_4
Info (12021): Found 1 design units, including 1 entities, in source file decodificador3_8.bdf
    Info (12023): Found entity 1: decodificador3_8
Info (12021): Found 1 design units, including 1 entities, in source file inst_decoder.bdf
    Info (12023): Found entity 1: inst_decoder
Info (12021): Found 1 design units, including 1 entities, in source file Check_NZ.bdf
    Info (12023): Found entity 1: Check_NZ
Info (12021): Found 1 design units, including 1 entities, in source file RegistroFlags.bdf
    Info (12023): Found entity 1: RegistroFlags
Info (12127): Elaborating entity "integrador" for the top level hierarchy
Info (12128): Elaborating entity "inst_decoder" for hierarchy "inst_decoder:inst"
Info (12128): Elaborating entity "decodificador3_8" for hierarchy "inst_decoder:inst|decodificador3_8:inst"
Info (12128): Elaborating entity "decodificador2_4" for hierarchy "inst_decoder:inst|decodificador3_8:inst|decodificador2_4:inst"
Info (12128): Elaborating entity "RegistroFlags" for hierarchy "RegistroFlags:inst1"
Info (12128): Elaborating entity "bitRegistro" for hierarchy "RegistroFlags:inst1|bitRegistro:inst4"
Warning (12125): Using design file SumaResta.bdf, which is not specified as a design file for the current project, but contains definitions for 1 design units and 1 entities in project
    Info (12023): Found entity 1: SumaResta
Info (12128): Elaborating entity "SumaResta" for hierarchy "SumaResta:adder"
Warning (12125): Using design file FullAdder1Bit.bdf, which is not specified as a design file for the current project, but contains definitions for 1 design units and 1 entities in project
    Info (12023): Found entity 1: FullAdder1Bit
Info (12128): Elaborating entity "FullAdder1Bit" for hierarchy "SumaResta:adder|FullAdder1Bit:inst4"
Info (12128): Elaborating entity "XOR3" for hierarchy "SumaResta:adder|FullAdder1Bit:inst4|XOR3:inst"
Info (12130): Elaborated megafunction instantiation "SumaResta:adder|FullAdder1Bit:inst4|XOR3:inst"
Info (12128): Elaborating entity "Registro4Bits" for hierarchy "Registro4Bits:REGA"
Info (12128): Elaborating entity "BUSMUX" for hierarchy "BUSMUX:inst9"
Info (12130): Elaborated megafunction instantiation "BUSMUX:inst9"
Info (12133): Instantiated megafunction "BUSMUX:inst9" with the following parameter:
    Info (12134): Parameter "WIDTH" = "4"
Info (12128): Elaborating entity "lpm_mux" for hierarchy "BUSMUX:inst9|lpm_mux:$00000"
Info (12131): Elaborated megafunction instantiation "BUSMUX:inst9|lpm_mux:$00000", which is child of megafunction instantiation "BUSMUX:inst9"
Info (12021): Found 1 design units, including 1 entities, in source file db/mux_4vc.tdf
    Info (12023): Found entity 1: mux_4vc
Info (12128): Elaborating entity "mux_4vc" for hierarchy "BUSMUX:inst9|lpm_mux:$00000|mux_4vc:auto_generated"
Warning (12125): Using design file Or4bits.bdf, which is not specified as a design file for the current project, but contains definitions for 1 design units and 1 entities in project
    Info (12023): Found entity 1: Or4bits
Info (12128): Elaborating entity "Or4bits" for hierarchy "Or4bits:or4bits"
Warning (12125): Using design file Not4Bits.bdf, which is not specified as a design file for the current project, but contains definitions for 1 design units and 1 entities in project
    Info (12023): Found entity 1: Not4Bits
Info (12128): Elaborating entity "Not4Bits" for hierarchy "Not4Bits:not44"
Warning (12125): Using design file Asr4bits.bdf, which is not specified as a design file for the current project, but contains definitions for 1 design units and 1 entities in project
    Info (12023): Found entity 1: Asr4bits
Info (12128): Elaborating entity "Asr4bits" for hierarchy "Asr4bits:ASR4"
Info (12128): Elaborating entity "And4bits" for hierarchy "And4bits:and4"
Info (12128): Elaborating entity "Check_NZ" for hierarchy "Check_NZ:NZ"
Warning (13046): Tri-state node(s) do not directly drive top-level pin(s)
    Warning (13048): Converted tri-state node "gdfx_temp0[3]" into a selector
    Warning (13048): Converted tri-state node "gdfx_temp0[2]" into a selector
    Warning (13048): Converted tri-state node "gdfx_temp0[1]" into a selector
    Warning (13048): Converted tri-state node "gdfx_temp0[0]" into a selector
    Warning (13049): Converted tri-state buffer "SumaResta:adder|inst10" feeding internal logic into a wire
    Warning (13049): Converted tri-state buffer "SumaResta:adder|inst9" feeding internal logic into a wire
Info (286030): Timing-Driven Synthesis is running
Info (16010): Generating hard_block partition "hard_block:auto_generated_inst"
    Info (16011): Adding 0 node(s), including 0 DDIO, 0 PLL, 0 transceiver and 0 LCELL
Info (21057): Implemented 64 device resources after synthesis - the final resource count might be different
    Info (21058): Implemented 14 input pins
    Info (21059): Implemented 9 output pins
    Info (21061): Implemented 41 logic cells
Info: Quartus II 64-Bit Analysis & Synthesis was successful. 0 errors, 13 warnings
    Info: Peak virtual memory: 760 megabytes
    Info: Processing ended: Wed Aug  5 17:43:26 2026
    Info: Elapsed time: 00:00:01
    Info: Total CPU time (on all processors): 00:00:01


